// Jest Snapshot v1, https://goo.gl/fbAQLP

exports[`<GoldenLayoutContainer /> snapshot tests should match snapshot 1`] = `
ShallowWrapper {
  "length": 1,
  Symbol(enzyme.__root__): [Circular],
  Symbol(enzyme.__unrendered__): <GoldenLayoutContainer__GoldenLayoutContainer
    containerHeight="calc(100vh - 75px)"
    containerWidth="100vw"
    contentHeight="auto"
    primaryColor="#33666f"
    secondaryColor="#ffffff"
  />,
  Symbol(enzyme.__renderer__): Object {
    "batchedUpdates": [Function],
    "getNode": [Function],
    "render": [Function],
    "simulateEvent": [Function],
    "unmount": [Function],
  },
  Symbol(enzyme.__node__): Object {
    "instance": null,
    "key": undefined,
    "nodeType": "host",
    "props": Object {
      "className": "GoldenLayoutContainer__GoldenLayoutContainer-dUxNlL jEHdcK",
    },
    "ref": null,
    "rendered": null,
    "type": "div",
  },
  Symbol(enzyme.__nodes__): Array [
    Object {
      "instance": null,
      "key": undefined,
      "nodeType": "host",
      "props": Object {
        "className": "GoldenLayoutContainer__GoldenLayoutContainer-dUxNlL jEHdcK",
      },
      "ref": null,
      "rendered": null,
      "type": "div",
    },
  ],
  Symbol(enzyme.__options__): Object {
    "adapter": ReactFifteenAdapter {
      "options": Object {
        "supportPrevContextArgumentOfComponentDidUpdate": true,
      },
    },
  },
}
`;
