// Jest Snapshot v1, https://goo.gl/fbAQLP

exports[`<CareTeamTable /> should match snapshot 1`] = `
ShallowWrapper {
  "length": 1,
  Symbol(enzyme.__root__): [Circular],
  Symbol(enzyme.__unrendered__): <SizeMe(CareTeamTable)
    elements={
      Array [
        Object {
          "categoryCode": "encounter",
          "categoryDisplay": "Encounter",
          "endDate": "02/01/2017",
          "id": "111111",
          "name": "My Care Team One",
          "participants": Array [
            Object {
              "memberFirstName": "Gregory",
              "memberId": "700551",
              "memberLastName": "House",
              "memberType": "practitioner",
              "onBehalfOfId": "143191",
              "onBehalfOfName": "Great Cross Hospital",
              "roleCode": "112247003",
              "roleDisplay": "Medical doctor",
            },
            Object {
              "memberId": "650858",
              "memberName": "Great Cross Hospital",
              "memberType": "organization",
              "onBehalfOfId": "143191",
              "onBehalfOfName": "Great Cross Hospital",
              "roleCode": "394765007",
              "roleDisplay": "Prison practice",
            },
          ],
          "reasonCode": "109006",
          "reasonDisplay": "Anxiety disorder of childhood OR adolescence",
          "startDate": "01/01/2017",
          "statusCode": "active",
          "statusDisplay": "Active",
          "subjectFirstName": "Adam",
          "subjectId": "11111",
          "subjectLastName": "Smith",
        },
        Object {
          "categoryCode": "condition",
          "categoryDisplay": "Condition",
          "endDate": "08/01/2017",
          "id": "222222",
          "name": "My Care Team Two",
          "participants": Array [
            Object {
              "memberFirstName": "Granny",
              "memberId": "121212",
              "memberLastName": "Smith",
              "memberType": "relatedPerson",
              "roleCode": "113157001",
              "roleDisplay": "Grand-mother",
            },
          ],
          "reasonCode": "134006",
          "reasonDisplay": "Decreased hair growth",
          "startDate": "04/01/2017",
          "statusCode": "suspended",
          "statusDisplay": "Suspended",
          "subjectFirstName": "Adam",
          "subjectId": "11111",
          "subjectLastName": "Smith",
        },
      ]
    }
  />,
  Symbol(enzyme.__renderer__): Object {
    "batchedUpdates": [Function],
    "getNode": [Function],
    "render": [Function],
    "simulateEvent": [Function],
    "unmount": [Function],
  },
  Symbol(enzyme.__node__): Object {
    "instance": null,
    "key": undefined,
    "nodeType": "function",
    "props": Object {
      "disablePlaceholder": false,
      "elements": Array [
        Object {
          "categoryCode": "encounter",
          "categoryDisplay": "Encounter",
          "endDate": "02/01/2017",
          "id": "111111",
          "name": "My Care Team One",
          "participants": Array [
            Object {
              "memberFirstName": "Gregory",
              "memberId": "700551",
              "memberLastName": "House",
              "memberType": "practitioner",
              "onBehalfOfId": "143191",
              "onBehalfOfName": "Great Cross Hospital",
              "roleCode": "112247003",
              "roleDisplay": "Medical doctor",
            },
            Object {
              "memberId": "650858",
              "memberName": "Great Cross Hospital",
              "memberType": "organization",
              "onBehalfOfId": "143191",
              "onBehalfOfName": "Great Cross Hospital",
              "roleCode": "394765007",
              "roleDisplay": "Prison practice",
            },
          ],
          "reasonCode": "109006",
          "reasonDisplay": "Anxiety disorder of childhood OR adolescence",
          "startDate": "01/01/2017",
          "statusCode": "active",
          "statusDisplay": "Active",
          "subjectFirstName": "Adam",
          "subjectId": "11111",
          "subjectLastName": "Smith",
        },
        Object {
          "categoryCode": "condition",
          "categoryDisplay": "Condition",
          "endDate": "08/01/2017",
          "id": "222222",
          "name": "My Care Team Two",
          "participants": Array [
            Object {
              "memberFirstName": "Granny",
              "memberId": "121212",
              "memberLastName": "Smith",
              "memberType": "relatedPerson",
              "roleCode": "113157001",
              "roleDisplay": "Grand-mother",
            },
          ],
          "reasonCode": "134006",
          "reasonDisplay": "Decreased hair growth",
          "startDate": "04/01/2017",
          "statusCode": "suspended",
          "statusDisplay": "Suspended",
          "subjectFirstName": "Adam",
          "subjectId": "11111",
          "subjectLastName": "Smith",
        },
      ],
      "explicitRef": [Function],
      "size": Object {
        "height": undefined,
        "position": undefined,
        "width": undefined,
      },
    },
    "ref": null,
    "rendered": null,
    "type": [Function],
  },
  Symbol(enzyme.__nodes__): Array [
    Object {
      "instance": null,
      "key": undefined,
      "nodeType": "function",
      "props": Object {
        "disablePlaceholder": false,
        "elements": Array [
          Object {
            "categoryCode": "encounter",
            "categoryDisplay": "Encounter",
            "endDate": "02/01/2017",
            "id": "111111",
            "name": "My Care Team One",
            "participants": Array [
              Object {
                "memberFirstName": "Gregory",
                "memberId": "700551",
                "memberLastName": "House",
                "memberType": "practitioner",
                "onBehalfOfId": "143191",
                "onBehalfOfName": "Great Cross Hospital",
                "roleCode": "112247003",
                "roleDisplay": "Medical doctor",
              },
              Object {
                "memberId": "650858",
                "memberName": "Great Cross Hospital",
                "memberType": "organization",
                "onBehalfOfId": "143191",
                "onBehalfOfName": "Great Cross Hospital",
                "roleCode": "394765007",
                "roleDisplay": "Prison practice",
              },
            ],
            "reasonCode": "109006",
            "reasonDisplay": "Anxiety disorder of childhood OR adolescence",
            "startDate": "01/01/2017",
            "statusCode": "active",
            "statusDisplay": "Active",
            "subjectFirstName": "Adam",
            "subjectId": "11111",
            "subjectLastName": "Smith",
          },
          Object {
            "categoryCode": "condition",
            "categoryDisplay": "Condition",
            "endDate": "08/01/2017",
            "id": "222222",
            "name": "My Care Team Two",
            "participants": Array [
              Object {
                "memberFirstName": "Granny",
                "memberId": "121212",
                "memberLastName": "Smith",
                "memberType": "relatedPerson",
                "roleCode": "113157001",
                "roleDisplay": "Grand-mother",
              },
            ],
            "reasonCode": "134006",
            "reasonDisplay": "Decreased hair growth",
            "startDate": "04/01/2017",
            "statusCode": "suspended",
            "statusDisplay": "Suspended",
            "subjectFirstName": "Adam",
            "subjectId": "11111",
            "subjectLastName": "Smith",
          },
        ],
        "explicitRef": [Function],
        "size": Object {
          "height": undefined,
          "position": undefined,
          "width": undefined,
        },
      },
      "ref": null,
      "rendered": null,
      "type": [Function],
    },
  ],
  Symbol(enzyme.__options__): Object {
    "adapter": ReactFifteenAdapter {
      "options": Object {
        "supportPrevContextArgumentOfComponentDidUpdate": true,
      },
    },
  },
}
`;
