// Jest Snapshot v1, https://goo.gl/fbAQLP

exports[`<Authentication /> should match snapshot 1`] = `
ShallowWrapper {
  "length": 1,
  Symbol(enzyme.__root__): [Circular],
  Symbol(enzyme.__unrendered__): <Authentication
    auth={
      Object {
        "isAuthenticated": true,
      }
    }
    rehydrated={true}
    user={
      Object {
        "role": "Patient",
      }
    }
  />,
  Symbol(enzyme.__renderer__): Object {
    "batchedUpdates": [Function],
    "getNode": [Function],
    "render": [Function],
    "simulateEvent": [Function],
    "unmount": [Function],
  },
  Symbol(enzyme.__node__): Object {
    "instance": null,
    "key": undefined,
    "nodeType": "host",
    "props": Object {
      "children": Array [
        undefined,
        <Redirect
          push={false}
          to={
            Object {
              "pathname": "/ocp-ui/login",
              "state": Object {
                "from": undefined,
              },
            }
          }
        />,
      ],
    },
    "ref": null,
    "rendered": Array [
      undefined,
      Object {
        "instance": null,
        "key": undefined,
        "nodeType": "class",
        "props": Object {
          "push": false,
          "to": Object {
            "pathname": "/ocp-ui/login",
            "state": Object {
              "from": undefined,
            },
          },
        },
        "ref": null,
        "rendered": null,
        "type": [Function],
      },
    ],
    "type": "div",
  },
  Symbol(enzyme.__nodes__): Array [
    Object {
      "instance": null,
      "key": undefined,
      "nodeType": "host",
      "props": Object {
        "children": Array [
          undefined,
          <Redirect
            push={false}
            to={
              Object {
                "pathname": "/ocp-ui/login",
                "state": Object {
                  "from": undefined,
                },
              }
            }
          />,
        ],
      },
      "ref": null,
      "rendered": Array [
        undefined,
        Object {
          "instance": null,
          "key": undefined,
          "nodeType": "class",
          "props": Object {
            "push": false,
            "to": Object {
              "pathname": "/ocp-ui/login",
              "state": Object {
                "from": undefined,
              },
            },
          },
          "ref": null,
          "rendered": null,
          "type": [Function],
        },
      ],
      "type": "div",
    },
  ],
  Symbol(enzyme.__options__): Object {
    "adapter": ReactFifteenAdapter {
      "options": Object {
        "supportPrevContextArgumentOfComponentDidUpdate": true,
      },
    },
  },
}
`;
